// Jest Snapshot v1, https://goo.gl/fbAQLP

exports[`<Button /> matches snapshot 1`] = `ShallowWrapper {}`;

exports[`<Footer /> matches snapshot 1`] = `ShallowWrapper {}`;
